$ git status
On branch master
Untracked files:
  (use "git add <file>..." to include in what will be committed)
        .idea/
        BitWiseOperators.iml
        BitwiseOperator.pdf
        src/

nothing added to commit but untracked files present (use "git add" to track)

Lenovo@AKSHETISHEREDESKTOP MINGW64 /e/2023_project/BitWiseOperator (master)
$ git add .idea/ BitwiseOperator.pdf BitwiseOperators.iml

Lenovo@AKSHETISHEREDESKTOP MINGW64 /e/2023_project/BitWiseOperator (master)
$ git commit -m "Created a new project in Eclipse"
[master 457768a] Created a new project in Eclipse
 5 files changed, 23 insertions(+)
 create mode 100644 .idea/.gitignore
 create mode 100644 .idea/misc.xml
 create mode 100644 .idea/modules.xml
 create mode 100644 .idea/vcs.xml
 create mode 100644 BitwiseOperator.pdf

Lenovo@AKSHETISHEREDESKTOP MINGW64 /e/2023_project/BitWiseOperator (master)
$ git status
On branch master
Untracked files:
  (use "git add <file>..." to include in what will be committed)
        BitWiseOperators.iml
        src/

nothing added to commit but untracked files present (use "git add" to track)

Lenovo@AKSHETISHEREDESKTOP MINGW64 /e/2023_project/BitWiseOperator (master)
$ git add BitWiseOperators.iml

Lenovo@AKSHETISHEREDESKTOP MINGW64 /e/2023_project/BitWiseOperator (master)
$ git commit -m "Created a new project in Eclipse"
[master c412e24] Created a new project in Eclipse
 1 file changed, 11 insertions(+)
 create mode 100644 BitWiseOperators.iml

Lenovo@AKSHETISHEREDESKTOP MINGW64 /e/2023_project/BitWiseOperator (master)
$ git status
On branch master
Untracked files:
  (use "git add <file>..." to include in what will be committed)
        src/

nothing added to commit but untracked files present (use "git add" to track)

Lenovo@AKSHETISHEREDESKTOP MINGW64 /e/2023_project/BitWiseOperator (master)
$ git add src/
gi
Lenovo@AKSHETISHEREDESKTOP MINGW64 /e/2023_project/BitWiseOperator (master)
$ git commit -m "Created the file OddEven.java"
[master 750a411] Created the file OddEven.java
 1 file changed, 7 insertions(+)
 create mode 100644 src/OddEven.java

Lenovo@AKSHETISHEREDESKTOP MINGW64 /e/2023_project/BitWiseOperator (master)
$ git status
On branch master
nothing to commit, working tree clean

Lenovo@AKSHETISHEREDESKTOP MINGW64 /e/2023_project/BitWiseOperator (master)
$ git log -5 --all --graph
* commit 750a41188d136f21d806a570a7798c99a4eb2855 (HEAD -> master)
| Author: AKSHET PATIAL <akshet.patial@gmail.com>
| Date:   Mon Mar 27 11:47:45 2023 +0530
|
|     Created the file OddEven.java
|
* commit c412e246aba0ec90908373e91fbd648235b4bd72
| Author: AKSHET PATIAL <akshet.patial@gmail.com>
| Date:   Mon Mar 27 11:46:54 2023 +0530
|
|     Created a new project in Eclipse
|
* commit 457768a25fe5da2e215ba07d06dffd9489c6391d
| Author: AKSHET PATIAL <akshet.patial@gmail.com>
| Date:   Mon Mar 27 11:46:28 2023 +0530
|
|     Created a new project in Eclipse
|
* commit bbba00f4010bac8480ffcb03641defab1482674e (origin/master)
  Author: AKSHET PATIAL <44276149+akshetpatial@users.noreply.github.com>
  Date:   Mon Mar 27 02:08:24 2023 +0530

      Initial commit

Lenovo@AKSHETISHEREDESKTOP MINGW64 /e/2023_project/BitWiseOperator (master)
$ git pull origin master
From https://github.com/akshetpatial/BitwiseOperator
 * branch            master     -> FETCH_HEAD
Already up to date.

Lenovo@AKSHETISHEREDESKTOP MINGW64 /e/2023_project/BitWiseOperator (master)
$ git init
Reinitialized existing Git repository in E:/2023_project/BitWiseOperator/.git/

Lenovo@AKSHETISHEREDESKTOP MINGW64 /e/2023_project/BitWiseOperator (master)
$ git push origin master
Enumerating objects: 16, done.
Counting objects: 100% (16/16), done.
Delta compression using up to 2 threads
Compressing objects: 100% (13/13), done.
Writing objects: 100% (15/15), 3.80 MiB | 2.10 MiB/s, done.
Total 15 (delta 2), reused 0 (delta 0), pack-reused 0
remote: Resolving deltas: 100% (2/2), done.
To https://github.com/akshetpatial/BitwiseOperator.git
   bbba00f..750a411  master -> master

Lenovo@AKSHETISHEREDESKTOP MINGW64 /e/2023_project/BitWiseOperator (master)
$ git log -5 --all --graph
* commit 750a41188d136f21d806a570a7798c99a4eb2855 (HEAD -> master, origin/master)
| Author: AKSHET PATIAL <akshet.patial@gmail.com>
| Date:   Mon Mar 27 11:47:45 2023 +0530
|
|     Created the file OddEven.java
|
* commit c412e246aba0ec90908373e91fbd648235b4bd72
| Author: AKSHET PATIAL <akshet.patial@gmail.com>
| Date:   Mon Mar 27 11:46:54 2023 +0530
|
|     Created a new project in Eclipse
|
* commit 457768a25fe5da2e215ba07d06dffd9489c6391d
| Author: AKSHET PATIAL <akshet.patial@gmail.com>
| Date:   Mon Mar 27 11:46:28 2023 +0530
|
|     Created a new project in Eclipse
|
* commit bbba00f4010bac8480ffcb03641defab1482674e
  Author: AKSHET PATIAL <44276149+akshetpatial@users.noreply.github.com>
  Date:   Mon Mar 27 02:08:24 2023 +0530

      Initial commit

Lenovo@AKSHETISHEREDESKTOP MINGW64 /e/2023_project/BitWiseOperator (master)
$ git status
On branch master
nothing to commit, working tree clean

Lenovo@AKSHETISHEREDESKTOP MINGW64 /e/2023_project/BitWiseOperator (master)
$ touch commands.txt

