$ git status
On branch master
Untracked files:
  (use "git add <file>..." to include in what will be committed)
        .idea/
        BitWiseOperators.iml
        BitwiseOperator.pdf
        src/

nothing added to commit but untracked files present (use "git add" to track)

Lenovo@AKSHETISHEREDESKTOP MINGW64 /e/2023_project/BitWiseOperator (master)
$ git add .idea/ BitwiseOperator.pdf BitwiseOperators.iml

Lenovo@AKSHETISHEREDESKTOP MINGW64 /e/2023_project/BitWiseOperator (master)
$ git commit -m "Created a new project in Eclipse"
[master 457768a] Created a new project in Eclipse
 5 files changed, 23 insertions(+)
 create mode 100644 .idea/.gitignore
 create mode 100644 .idea/misc.xml
 create mode 100644 .idea/modules.xml
 create mode 100644 .idea/vcs.xml
 create mode 100644 BitwiseOperator.pdf

Lenovo@AKSHETISHEREDESKTOP MINGW64 /e/2023_project/BitWiseOperator (master)
$ git status
On branch master
Untracked files:
  (use "git add <file>..." to include in what will be committed)
        BitWiseOperators.iml
        src/

nothing added to commit but untracked files present (use "git add" to track)

Lenovo@AKSHETISHEREDESKTOP MINGW64 /e/2023_project/BitWiseOperator (master)
$ git add BitWiseOperators.iml

Lenovo@AKSHETISHEREDESKTOP MINGW64 /e/2023_project/BitWiseOperator (master)
$ git commit -m "Created a new project in Eclipse"
[master c412e24] Created a new project in Eclipse
 1 file changed, 11 insertions(+)
 create mode 100644 BitWiseOperators.iml

Lenovo@AKSHETISHEREDESKTOP MINGW64 /e/2023_project/BitWiseOperator (master)
$ git status
On branch master
Untracked files:
  (use "git add <file>..." to include in what will be committed)
        src/

nothing added to commit but untracked files present (use "git add" to track)

Lenovo@AKSHETISHEREDESKTOP MINGW64 /e/2023_project/BitWiseOperator (master)
$ git add src/
gi
Lenovo@AKSHETISHEREDESKTOP MINGW64 /e/2023_project/BitWiseOperator (master)
$ git commit -m "Created the file com.akshet.OddEven.java"
[master 750a411] Created the file com.akshet.OddEven.java
 1 file changed, 7 insertions(+)
 create mode 100644 src/com.akshet.OddEven.java

Lenovo@AKSHETISHEREDESKTOP MINGW64 /e/2023_project/BitWiseOperator (master)
$ git status
On branch master
nothing to commit, working tree clean

Lenovo@AKSHETISHEREDESKTOP MINGW64 /e/2023_project/BitWiseOperator (master)
$ git log -5 --all --graph
* commit 750a41188d136f21d806a570a7798c99a4eb2855 (HEAD -> master)
| Author: AKSHET PATIAL <akshet.patial@gmail.com>
| Date:   Mon Mar 27 11:47:45 2023 +0530
|
|     Created the file com.akshet.OddEven.java
|
* commit c412e246aba0ec90908373e91fbd648235b4bd72
| Author: AKSHET PATIAL <akshet.patial@gmail.com>
| Date:   Mon Mar 27 11:46:54 2023 +0530
|
|     Created a new project in Eclipse
|
* commit 457768a25fe5da2e215ba07d06dffd9489c6391d
| Author: AKSHET PATIAL <akshet.patial@gmail.com>
| Date:   Mon Mar 27 11:46:28 2023 +0530
|
|     Created a new project in Eclipse
|
* commit bbba00f4010bac8480ffcb03641defab1482674e (origin/master)
  Author: AKSHET PATIAL <44276149+akshetpatial@users.noreply.github.com>
  Date:   Mon Mar 27 02:08:24 2023 +0530

      Initial commit

Lenovo@AKSHETISHEREDESKTOP MINGW64 /e/2023_project/BitWiseOperator (master)
$ git pull origin master
From https://github.com/akshetpatial/BitwiseOperator
 * branch            master     -> FETCH_HEAD
Already up to date.

Lenovo@AKSHETISHEREDESKTOP MINGW64 /e/2023_project/BitWiseOperator (master)
$ git init
Reinitialized existing Git repository in E:/2023_project/BitWiseOperator/.git/

Lenovo@AKSHETISHEREDESKTOP MINGW64 /e/2023_project/BitWiseOperator (master)
$ git push origin master
Enumerating objects: 16, done.
Counting objects: 100% (16/16), done.
Delta compression using up to 2 threads
Compressing objects: 100% (13/13), done.
Writing objects: 100% (15/15), 3.80 MiB | 2.10 MiB/s, done.
Total 15 (delta 2), reused 0 (delta 0), pack-reused 0
remote: Resolving deltas: 100% (2/2), done.
To https://github.com/akshetpatial/BitwiseOperator.git
   bbba00f..750a411  master -> master

Lenovo@AKSHETISHEREDESKTOP MINGW64 /e/2023_project/BitWiseOperator (master)
$ git log -5 --all --graph
* commit 750a41188d136f21d806a570a7798c99a4eb2855 (HEAD -> master, origin/master)
| Author: AKSHET PATIAL <akshet.patial@gmail.com>
| Date:   Mon Mar 27 11:47:45 2023 +0530
|
|     Created the file com.akshet.OddEven.java
|
* commit c412e246aba0ec90908373e91fbd648235b4bd72
| Author: AKSHET PATIAL <akshet.patial@gmail.com>
| Date:   Mon Mar 27 11:46:54 2023 +0530
|
|     Created a new project in Eclipse
|
* commit 457768a25fe5da2e215ba07d06dffd9489c6391d
| Author: AKSHET PATIAL <akshet.patial@gmail.com>
| Date:   Mon Mar 27 11:46:28 2023 +0530
|
|     Created a new project in Eclipse
|
* commit bbba00f4010bac8480ffcb03641defab1482674e
  Author: AKSHET PATIAL <44276149+akshetpatial@users.noreply.github.com>
  Date:   Mon Mar 27 02:08:24 2023 +0530

      Initial commit

Lenovo@AKSHETISHEREDESKTOP MINGW64 /e/2023_project/BitWiseOperator (master)
$ git status
On branch master
nothing to commit, working tree clean

Lenovo@AKSHETISHEREDESKTOP MINGW64 /e/2023_project/BitWiseOperator (master)
$ touch commands.txt


Lenovo@AKSHETISHEREDESKTOP MINGW64 /e/2023_project/BitWiseOperator (master)
$ git status
On branch master
Changes not staged for commit:
  (use "git add <file>..." to update what will be committed)
  (use "git restore <file>..." to discard changes in working directory)
        modified:   out/production/BitWiseOperators/com/akshet/ithBit.class
        modified:   src/com/akshet/ithBit.java

Untracked files:
  (use "git add <file>..." to include in what will be committed)
        src/com/akshet/MagicNumber.java

no changes added to commit (use "git add" and/or "git commit -a")

Lenovo@AKSHETISHEREDESKTOP MINGW64 /e/2023_project/BitWiseOperator (master)
$ git add out/production/BitWiseOperators/com/akshet/ithBit.class src/com/akshet/
MagicNumber.java  ithBit.java

Lenovo@AKSHETISHEREDESKTOP MINGW64 /e/2023_project/BitWiseOperator (master)
$ git add out/production/BitWiseOperators/com/akshet/ithBit.class src/com/akshet/MagicNumber.java

Lenovo@AKSHETISHEREDESKTOP MINGW64 /e/2023_project/BitWiseOperator (master)
$ git status
On branch master
Changes to be committed:
  (use "git restore --staged <file>..." to unstage)
        modified:   out/production/BitWiseOperators/com/akshet/ithBit.class
        new file:   src/com/akshet/MagicNumber.java

Changes not staged for commit:
  (use "git add <file>..." to update what will be committed)
  (use "git restore <file>..." to discard changes in working directory)
        modified:   src/com/akshet/ithBit.java


Lenovo@AKSHETISHEREDESKTOP MINGW64 /e/2023_project/BitWiseOperator (master)
$ git restore
fatal: you must specify path(s) to restore

Lenovo@AKSHETISHEREDESKTOP MINGW64 /e/2023_project/BitWiseOperator (master)
$ git restore --staged
fatal: you must specify path(s) to restore

Lenovo@AKSHETISHEREDESKTOP MINGW64 /e/2023_project/BitWiseOperator (master)
$ git restore --staged src/com/akshet/MagicNumber.java

Lenovo@AKSHETISHEREDESKTOP MINGW64 /e/2023_project/BitWiseOperator (master)
$ git status
On branch master
Changes to be committed:
  (use "git restore --staged <file>..." to unstage)
        modified:   out/production/BitWiseOperators/com/akshet/ithBit.class

Changes not staged for commit:
  (use "git add <file>..." to update what will be committed)
  (use "git restore <file>..." to discard changes in working directory)
        modified:   src/com/akshet/ithBit.java

Untracked files:
  (use "git add <file>..." to include in what will be committed)
        src/com/akshet/MagicNumber.java


Lenovo@AKSHETISHEREDESKTOP MINGW64 /e/2023_project/BitWiseOperator (master)
$ git add src/com/akshet/ithBit.java

Lenovo@AKSHETISHEREDESKTOP MINGW64 /e/2023_project/BitWiseOperator (master)
$ git status
On branch master
Changes to be committed:
  (use "git restore --staged <file>..." to unstage)
        modified:   out/production/BitWiseOperators/com/akshet/ithBit.class
        modified:   src/com/akshet/ithBit.java

Untracked files:
  (use "git add <file>..." to include in what will be committed)
        src/com/akshet/MagicNumber.java


Lenovo@AKSHETISHEREDESKTOP MINGW64 /e/2023_project/BitWiseOperator (master)
$ git commit -m "Added the find right most Set Bit method in ithBit.java file"
[master 3004b86] Added the find right most Set Bit method in ithBit.java file
 2 files changed, 21 insertions(+)
 rewrite out/production/BitWiseOperators/com/akshet/ithBit.class (64%)

Lenovo@AKSHETISHEREDESKTOP MINGW64 /e/2023_project/BitWiseOperator (master)
$ git status
On branch master
Untracked files:
  (use "git add <file>..." to include in what will be committed)
        src/com/akshet/MagicNumber.java

nothing added to commit but untracked files present (use "git add" to track)

Lenovo@AKSHETISHEREDESKTOP MINGW64 /e/2023_project/BitWiseOperator (master)
$ git add .

Lenovo@AKSHETISHEREDESKTOP MINGW64 /e/2023_project/BitWiseOperator (master)
$ git commit -m "Created the file MagicNumber.java"
[master c0374b9] Created the file MagicNumber.java
 1 file changed, 23 insertions(+)
 create mode 100644 src/com/akshet/MagicNumber.java

Lenovo@AKSHETISHEREDESKTOP MINGW64 /e/2023_project/BitWiseOperator (master)
$ git status
On branch master
nothing to commit, working tree clean

Lenovo@AKSHETISHEREDESKTOP MINGW64 /e/2023_project/BitWiseOperator (master)
$ git log -4 --all --graph
* commit c0374b943a2ca61732ec0a867cc5f1e5e1a24c1b (HEAD -> master)
| Author: AKSHET PATIAL <akshet.patial@gmail.com>
| Date:   Thu Mar 30 01:45:34 2023 +0530
|
|     Created the file MagicNumber.java
|
* commit 3004b86f086d3803e38e49f8456e2c203b0ebaa5
| Author: AKSHET PATIAL <akshet.patial@gmail.com>
| Date:   Thu Mar 30 01:45:03 2023 +0530
|
|     Added the find right most Set Bit method in ithBit.java file
|
* commit 96886befb246f8da898fdaa3a92520557bbb2137 (origin/master)
| Author: AKSHET PATIAL <akshet.patial@gmail.com>
| Date:   Wed Mar 29 23:09:27 2023 +0530
|
|     Added the SetBit and ResetBit method
|
* commit eea9e5593c4a5b94f531a4bf553d314c4af7937f
| Author: AKSHET PATIAL <akshet.patial@gmail.com>
| Date:   Tue Mar 28 23:55:32 2023 +0530
|
|     Created the FindUnique.java file

Lenovo@AKSHETISHEREDESKTOP MINGW64 /e/2023_project/BitWiseOperator (master)
$ git log -4 --all --graph
* commit c0374b943a2ca61732ec0a867cc5f1e5e1a24c1b (HEAD -> master)
| Author: AKSHET PATIAL <akshet.patial@gmail.com>
| Date:   Thu Mar 30 01:45:34 2023 +0530
|
|     Created the file MagicNumber.java
|
* commit 3004b86f086d3803e38e49f8456e2c203b0ebaa5
| Author: AKSHET PATIAL <akshet.patial@gmail.com>
| Date:   Thu Mar 30 01:45:03 2023 +0530
|
|     Added the find right most Set Bit method in ithBit.java file
|
* commit 96886befb246f8da898fdaa3a92520557bbb2137 (origin/master)
| Author: AKSHET PATIAL <akshet.patial@gmail.com>
| Date:   Wed Mar 29 23:09:27 2023 +0530
|
|     Added the SetBit and ResetBit method
|
* commit eea9e5593c4a5b94f531a4bf553d314c4af7937f
| Author: AKSHET PATIAL <akshet.patial@gmail.com>
| Date:   Tue Mar 28 23:55:32 2023 +0530
|
|     Created the FindUnique.java file

Lenovo@AKSHETISHEREDESKTOP MINGW64 /e/2023_project/BitWiseOperator (master)
$ git push origin master
Enumerating objects: 29, done.
Counting objects: 100% (29/29), done.
Delta compression using up to 2 threads
Compressing objects: 100% (10/10), done.
Writing objects: 100% (18/18), 2.40 KiB | 223.00 KiB/s, done.
Total 18 (delta 6), reused 0 (delta 0), pack-reused 0
remote: Resolving deltas: 100% (6/6), completed with 4 local objects.
To https://github.com/akshetpatial/BitwiseOperator.git
   96886be..c0374b9  master -> master


Lenovo@AKSHETISHEREDESKTOP MINGW64 /e/2023_project/BitWiseOperator (master)
$ git status
On branch master
Untracked files:
  (use "git add <file>..." to include in what will be committed)
        out/production/BitWiseOperators/com/akshet/RangeXor.class
        src/com/akshet/RangeXor.java

nothing added to commit but untracked files present (use "git add" to track)

Lenovo@AKSHETISHEREDESKTOP MINGW64 /e/2023_project/BitWiseOperator (master)
$ git add .

Lenovo@AKSHETISHEREDESKTOP MINGW64 /e/2023_project/BitWiseOperator (master)
$ git commit -m "Created the RangeXor.java class"
[master 90a31b9] Created the RangeXor.java class
 2 files changed, 48 insertions(+)
 create mode 100644 out/production/BitWiseOperators/com/akshet/RangeXor.class
 create mode 100644 src/com/akshet/RangeXor.java

Lenovo@AKSHETISHEREDESKTOP MINGW64 /e/2023_project/BitWiseOperator (master)
$ git status
On branch master
nothing to commit, working tree clean

Lenovo@AKSHETISHEREDESKTOP MINGW64 /e/2023_project/BitWiseOperator (master)
$ git log - 5 --all --graph
fatal: ambiguous argument '5': unknown revision or path not in the working tree.
Use '--' to separate paths from revisions, like this:
'git <command> [<revision>...] -- [<file>...]'

Lenovo@AKSHETISHEREDESKTOP MINGW64 /e/2023_project/BitWiseOperator (master)
$ git log -5 --all --graph
* commit 90a31b971ca051f884e98e4dcded8eeb426b72d3 (HEAD -> master)
| Author: AKSHET PATIAL <akshet.patial@gmail.com>
| Date:   Fri Mar 31 12:00:25 2023 +0530
|
|     Created the RangeXor.java class
|
* commit 4b111826f704e5ef356b904ab5a43fc354d2e9c9 (origin/master)
| Author: AKSHET PATIAL <akshet.patial@gmail.com>
| Date:   Thu Mar 30 11:47:41 2023 +0530
|
|     Implemented the Magic Number Logic
|
* commit bb3979fdc7de9f5662a4062777e5c309e36f8426
| Author: AKSHET PATIAL <akshet.patial@gmail.com>
| Date:   Thu Mar 30 01:48:17 2023 +0530
|
|     Added commands related to adding some methods in ithBit.java file
|
* commit c0374b943a2ca61732ec0a867cc5f1e5e1a24c1b
| Author: AKSHET PATIAL <akshet.patial@gmail.com>
| Date:   Thu Mar 30 01:45:34 2023 +0530
|
|     Created the file MagicNumber.java
|
* commit 3004b86f086d3803e38e49f8456e2c203b0ebaa5
| Author: AKSHET PATIAL <akshet.patial@gmail.com>
| Date:   Thu Mar 30 01:45:03 2023 +0530
|
|     Added the find right most Set Bit method in ithBit.java file

Lenovo@AKSHETISHEREDESKTOP MINGW64 /e/2023_project/BitWiseOperator (master)
$ git push origin master
Enumerating objects: 21, done.
Counting objects: 100% (21/21), done.
Delta compression using up to 2 threads
Compressing objects: 100% (6/6), done.
Writing objects: 100% (12/12), 2.22 KiB | 455.00 KiB/s, done.
Total 12 (delta 3), reused 0 (delta 0), pack-reused 0
remote: Resolving deltas: 100% (3/3), completed with 3 local objects.
To https://github.com/akshetpatial/BitwiseOperator.git
   4b11182..90a31b9  master -> master

Lenovo@AKSHETISHEREDESKTOP MINGW64 /e/2023_project/BitWiseOperator (master)
$ git status
On branch master
nothing to commit, working tree clean

Lenovo@AKSHETISHEREDESKTOP MINGW64 /e/2023_project/BitWiseOperator (master)
$ git status
On branch master
Untracked files:
  (use "git add <file>..." to include in what will be committed)
        src/com/akshet/math/

nothing added to commit but untracked files present (use "git add" to track)

Lenovo@AKSHETISHEREDESKTOP MINGW64 /e/2023_project/BitWiseOperator (master)
$ git status
On branch master
nothing to commit, working tree clean

Lenovo@AKSHETISHEREDESKTOP MINGW64 /e/2023_project/BitWiseOperator (master)
$ git status
On branch master
Untracked files:
  (use "git add <file>..." to include in what will be committed)
        out/production/BitWiseOperators/com/akshet/math/
        src/com/akshet/math/

nothing added to commit but untracked files present (use "git add" to track)

Lenovo@AKSHETISHEREDESKTOP MINGW64 /e/2023_project/BitWiseOperator (master)
$ git add .

Lenovo@AKSHETISHEREDESKTOP MINGW64 /e/2023_project/BitWiseOperator (master)
$ git commit -m "Added the com.akshet.math package and created the class math and use sievesieve"
[master d58f12a] Added the com.akshet.math package and created the class math and use sievesieve
 2 files changed, 73 insertions(+)
 create mode 100644 out/production/BitWiseOperators/com/akshet/math/Primenumber.class
 create mode 100644 src/com/akshet/math/Primenumber.java

Lenovo@AKSHETISHEREDESKTOP MINGW64 /e/2023_project/BitWiseOperator (master)
$ git status
On branch master
nothing to commit, working tree clean


